> Task :app:checkKotlinGradlePluginConfigurationErrors SKIPPED
> Task :app:preBuild UP-TO-DATE
> Task :app:preDebugBuild UP-TO-DATE
> Task :app:checkDebugAarMetadata UP-TO-DATE
> Task :app:generateDebugResValues UP-TO-DATE
> Task :app:mapDebugSourceSetPaths UP-TO-DATE
> Task :app:generateDebugResources UP-TO-DATE
> Task :app:mergeDebugResources UP-TO-DATE
> Task :app:packageDebugResources UP-TO-DATE
> Task :app:parseDebugLocalResources UP-TO-DATE
> Task :app:createDebugCompatibleScreenManifests UP-TO-DATE
> Task :app:extractDeepLinksDebug UP-TO-DATE
> Task :app:processDebugMainManifest UP-TO-DATE
> Task :app:processDebugManifest UP-TO-DATE
> Task :app:processDebugManifestForPackage UP-TO-DATE
> Task :app:processDebugResources UP-TO-DATE

> Task :app:kspDebugKotlin
.\gradlew.bat : e: [ksp] ModuleProcessingStep was unable to process 'com.palmnote.di.RepositoryModule' because 'error.N
onExistentClass' could not be resolved.
所在位置 行:1 字符: 87
+ ... 8Encoding]::new($false);.\gradlew.bat compileDebugKotlin 2>&1 | Out-F ...
+                             ~~~~~~~~~~~~~~~~~~~~~~~~~~~~~~~~~~~~~
    + CategoryInfo          : NotSpecified: (e: [ksp] Module...ot be resolved.:String) [], RemoteException
    + FullyQualifiedErrorId : NativeCommandError
 

Dependency trace:
    => element (CLASS): com.palmnote.di.RepositoryModule
    => element (METHOD): bindAccountBookRepository(error.NonExistentClass)
    => type (ERROR return type): error.NonExistentClass

If type 'error.NonExistentClass' is a generated type, check above for compilation errors that may have prevented the ty
pe from being generated. Otherwise, ensure that type 'error.NonExistentClass' is on your classpath.
e: [ksp] BindingMethodProcessingStep was unable to process 'bindAccountBookRepository(error.NonExistentClass)' because 
'error.NonExistentClass' could not be resolved.

Dependency trace:
    => element (CLASS): com.palmnote.di.RepositoryModule
    => element (METHOD): bindAccountBookRepository(error.NonExistentClass)
    => type (ERROR return type): error.NonExistentClass

If type 'error.NonExistentClass' is a generated type, check above for compilation errors that may have prevented the ty
pe from being generated. Otherwise, ensure that type 'error.NonExistentClass' is on your classpath.
e: [ksp] BindingMethodProcessingStep was unable to process 'bindAnniversaryRepository(error.NonExistentClass)' because 
'error.NonExistentClass' could not be resolved.

Dependency trace:
    => element (CLASS): com.palmnote.di.RepositoryModule
    => element (METHOD): bindAccountBookRepository(error.NonExistentClass)
    => type (ERROR return type): error.NonExistentClass

If type 'error.NonExistentClass' is a generated type, check above for compilation errors that may have prevented the ty
pe from being generated. Otherwise, ensure that type 'error.NonExistentClass' is on your classpath.
e: [ksp] BindingMethodProcessingStep was unable to process 'bindAssetRepository(error.NonExistentClass)' because 'error
.NonExistentClass' could not be resolved.

Dependency trace:
    => element (CLASS): com.palmnote.di.RepositoryModule
    => element (METHOD): bindAccountBookRepository(error.NonExistentClass)
    => type (ERROR return type): error.NonExistentClass

If type 'error.NonExistentClass' is a generated type, check above for compilation errors that may have prevented the ty
pe from being generated. Otherwise, ensure that type 'error.NonExistentClass' is on your classpath.
e: [ksp] BindingMethodProcessingStep was unable to process 'bindBillRepository(error.NonExistentClass)' because 'error.
NonExistentClass' could not be resolved.

Dependency trace:
    => element (CLASS): com.palmnote.di.RepositoryModule
    => element (METHOD): bindAccountBookRepository(error.NonExistentClass)
    => type (ERROR return type): error.NonExistentClass

If type 'error.NonExistentClass' is a generated type, check above for compilation errors that may have prevented the ty
pe from being generated. Otherwise, ensure that type 'error.NonExistentClass' is on your classpath.
e: [ksp] BindingMethodProcessingStep was unable to process 'bindBudgetRepository(error.NonExistentClass)' because 'erro
r.NonExistentClass' could not be resolved.

Dependency trace:
    => element (CLASS): com.palmnote.di.RepositoryModule
    => element (METHOD): bindAccountBookRepository(error.NonExistentClass)
    => type (ERROR return type): error.NonExistentClass

If type 'error.NonExistentClass' is a generated type, check above for compilation errors that may have prevented the ty
pe from being generated. Otherwise, ensure that type 'error.NonExistentClass' is on your classpath.
e: [ksp] BindingMethodProcessingStep was unable to process 'bindCategoryConfigRepository(error.NonExistentClass)' becau
se 'error.NonExistentClass' could not be resolved.

Dependency trace:
    => element (CLASS): com.palmnote.di.RepositoryModule
    => element (METHOD): bindAccountBookRepository(error.NonExistentClass)
    => type (ERROR return type): error.NonExistentClass

If type 'error.NonExistentClass' is a generated type, check above for compilation errors that may have prevented the ty
pe from being generated. Otherwise, ensure that type 'error.NonExistentClass' is on your classpath.
e: [ksp] BindingMethodProcessingStep was unable to process 'bindCategoryMappingRepository(error.NonExistentClass)' beca
use 'error.NonExistentClass' could not be resolved.

Dependency trace:
    => element (CLASS): com.palmnote.di.RepositoryModule
    => element (METHOD): bindAccountBookRepository(error.NonExistentClass)
    => type (ERROR return type): error.NonExistentClass

If type 'error.NonExistentClass' is a generated type, check above for compilation errors that may have prevented the ty
pe from being generated. Otherwise, ensure that type 'error.NonExistentClass' is on your classpath.
e: [ksp] BindingMethodProcessingStep was unable to process 'bindCountdownRepository(error.NonExistentClass)' because 'e
rror.NonExistentClass' could not be resolved.

Dependency trace:
    => element (CLASS): com.palmnote.di.RepositoryModule
    => element (METHOD): bindAccountBookRepository(error.NonExistentClass)
    => type (ERROR return type): error.NonExistentClass

If type 'error.NonExistentClass' is a generated type, check above for compilation errors that may have prevented the ty
pe from being generated. Otherwise, ensure that type 'error.NonExistentClass' is on your classpath.
e: [ksp] BindingMethodProcessingStep was unable to process 'bindGoalRepository(error.NonExistentClass)' because 'error.
NonExistentClass' could not be resolved.

Dependency trace:
    => element (CLASS): com.palmnote.di.RepositoryModule
    => element (METHOD): bindAccountBookRepository(error.NonExistentClass)
    => type (ERROR return type): error.NonExistentClass

If type 'error.NonExistentClass' is a generated type, check above for compilation errors that may have prevented the ty
pe from being generated. Otherwise, ensure that type 'error.NonExistentClass' is on your classpath.
e: [ksp] BindingMethodProcessingStep was unable to process 'bindLifeMomentRepository(error.NonExistentClass)' because '
error.NonExistentClass' could not be resolved.

Dependency trace:
    => element (CLASS): com.palmnote.di.RepositoryModule
    => element (METHOD): bindAccountBookRepository(error.NonExistentClass)
    => type (ERROR return type): error.NonExistentClass

If type 'error.NonExistentClass' is a generated type, check above for compilation errors that may have prevented the ty
pe from being generated. Otherwise, ensure that type 'error.NonExistentClass' is on your classpath.
e: [ksp] BindingMethodProcessingStep was unable to process 'bindMomentRepository(error.NonExistentClass)' because 'erro
r.NonExistentClass' could not be resolved.

Dependency trace:
    => element (CLASS): com.palmnote.di.RepositoryModule
    => element (METHOD): bindAccountBookRepository(error.NonExistentClass)
    => type (ERROR return type): error.NonExistentClass

If type 'error.NonExistentClass' is a generated type, check above for compilation errors that may have prevented the ty
pe from being generated. Otherwise, ensure that type 'error.NonExistentClass' is on your classpath.
e: [ksp] BindingMethodProcessingStep was unable to process 'bindMoodDiaryRepository(error.NonExistentClass)' because 'e
rror.NonExistentClass' could not be resolved.

Dependency trace:
    => element (CLASS): com.palmnote.di.RepositoryModule
    => element (METHOD): bindAccountBookRepository(error.NonExistentClass)
    => type (ERROR return type): error.NonExistentClass

If type 'error.NonExistentClass' is a generated type, check above for compilation errors that may have prevented the ty
pe from being generated. Otherwise, ensure that type 'error.NonExistentClass' is on your classpath.
e: [ksp] BindingMethodProcessingStep was unable to process 'bindPlanListRepository(error.NonExistentClass)' because 'er
ror.NonExistentClass' could not be resolved.

Dependency trace:
    => element (CLASS): com.palmnote.di.RepositoryModule
    => element (METHOD): bindAccountBookRepository(error.NonExistentClass)
    => type (ERROR return type): error.NonExistentClass

If type 'error.NonExistentClass' is a generated type, check above for compilation errors that may have prevented the ty
pe from being generated. Otherwise, ensure that type 'error.NonExistentClass' is on your classpath.
e: [ksp] BindingMethodProcessingStep was unable to process 'bindPlanRepository(error.NonExistentClass)' because 'error.
NonExistentClass' could not be resolved.

Dependency trace:
    => element (CLASS): com.palmnote.di.RepositoryModule
    => element (METHOD): bindAccountBookRepository(error.NonExistentClass)
    => type (ERROR return type): error.NonExistentClass

If type 'error.NonExistentClass' is a generated type, check above for compilation errors that may have prevented the ty
pe from being generated. Otherwise, ensure that type 'error.NonExistentClass' is on your classpath.
e: [ksp] BindingMethodProcessingStep was unable to process 'bindTodoItemRepository(error.NonExistentClass)' because 'er
ror.NonExistentClass' could not be resolved.

Dependency trace:
    => element (CLASS): com.palmnote.di.RepositoryModule
    => element (METHOD): bindAccountBookRepository(error.NonExistentClass)
    => type (ERROR return type): error.NonExistentClass

If type 'error.NonExistentClass' is a generated type, check above for compilation errors that may have prevented the ty
pe from being generated. Otherwise, ensure that type 'error.NonExistentClass' is on your classpath.
e: [ksp] BindingMethodProcessingStep was unable to process 'bindUsageRecordRepository(error.NonExistentClass)' because 
'error.NonExistentClass' could not be resolved.

Dependency trace:
    => element (CLASS): com.palmnote.di.RepositoryModule
    => element (METHOD): bindAccountBookRepository(error.NonExistentClass)
    => type (ERROR return type): error.NonExistentClass

If type 'error.NonExistentClass' is a generated type, check above for compilation errors that may have prevented the ty
pe from being generated. Otherwise, ensure that type 'error.NonExistentClass' is on your classpath.
e: [ksp] BindingMethodProcessingStep was unable to process 'bindWalletRepository(error.NonExistentClass)' because 'erro
r.NonExistentClass' could not be resolved.

Dependency trace:
    => element (CLASS): com.palmnote.di.RepositoryModule
    => element (METHOD): bindAccountBookRepository(error.NonExistentClass)
    => type (ERROR return type): error.NonExistentClass

If type 'error.NonExistentClass' is a generated type, check above for compilation errors that may have prevented the ty
pe from being generated. Otherwise, ensure that type 'error.NonExistentClass' is on your classpath.
e: Error occurred in KSP, check log for detail

> Task :app:kspDebugKotlin FAILED

FAILURE: Build failed with an exception.

* What went wrong:
Execution failed for task ':app:kspDebugKotlin'.
> A failure occurred while executing org.jetbrains.kotlin.compilerRunner.GradleCompilerRunnerWithWorkers$GradleKotlinCo
mpilerWorkAction
   > Compilation error. See log for more details

* Try:
> Run with --stacktrace option to get the stack trace.
> Run with --info or --debug option to get more log output.
> Run with --scan to get full insights.
> Get more help at https://help.gradle.org.

BUILD FAILED in 5s
14 actionable tasks: 1 executed, 13 up-to-date
