> Task :app:preBuild UP-TO-DATE
> Task :app:preDebugBuild UP-TO-DATE
> Task :app:mergeDebugNativeDebugMetadata NO-SOURCE
> Task :app:checkKotlinGradlePluginConfigurationErrors
> Task :app:checkDebugAarMetadata UP-TO-DATE
> Task :app:generateDebugResValues UP-TO-DATE
> Task :app:mapDebugSourceSetPaths UP-TO-DATE
> Task :app:generateDebugResources UP-TO-DATE
> Task :app:mergeDebugResources UP-TO-DATE
> Task :app:packageDebugResources UP-TO-DATE
> Task :app:parseDebugLocalResources UP-TO-DATE
> Task :app:createDebugCompatibleScreenManifests UP-TO-DATE
> Task :app:extractDeepLinksDebug UP-TO-DATE
> Task :app:processDebugMainManifest UP-TO-DATE
> Task :app:processDebugManifest UP-TO-DATE
> Task :app:processDebugManifestForPackage UP-TO-DATE
> Task :app:processDebugResources UP-TO-DATE
> Task :app:javaPreCompileDebug UP-TO-DATE
> Task :app:mergeDebugShaders UP-TO-DATE
> Task :app:compileDebugShaders NO-SOURCE
> Task :app:generateDebugAssets UP-TO-DATE
> Task :app:mergeDebugAssets UP-TO-DATE
> Task :app:compressDebugAssets UP-TO-DATE
> Task :app:desugarDebugFileDependencies UP-TO-DATE
> Task :app:checkDebugDuplicateClasses UP-TO-DATE
> Task :app:mergeExtDexDebug UP-TO-DATE
> Task :app:mergeLibDexDebug UP-TO-DATE
> Task :app:mergeDebugJniLibFolders UP-TO-DATE
> Task :app:mergeDebugNativeLibs UP-TO-DATE
> Task :app:stripDebugDebugSymbols UP-TO-DATE
> Task :app:validateSigningDebug UP-TO-DATE
> Task :app:writeDebugAppMetadata UP-TO-DATE
> Task :app:writeDebugSigningConfigVersions UP-TO-DATE
> Task :app:kspDebugKotlin

> Task :app:compileDebugKotlin
w: file:///E:/AndroidStudioProjects/PalmNote/app/src/main/java/com/palmnote/ui/life/LifeScreen.kt:61:47 'ArrowBack: ImageVector' is deprecated. Use the AutoMirrored version at Icons.AutoMirrored.Filled.ArrowBack
w: file:///E:/AndroidStudioProjects/PalmNote/app/src/main/java/com/palmnote/ui/life/LifeScreen.kt:76:74 'Undo: ImageVector' is deprecated. Use the AutoMirrored version at Icons.AutoMirrored.Outlined.Undo
w: file:///E:/AndroidStudioProjects/PalmNote/app/src/main/java/com/palmnote/ui/life/LifeScreen.kt:1112:53 'ListAlt: ImageVector' is deprecated. Use the AutoMirrored version at Icons.AutoMirrored.Outlined.ListAlt
w: file:///E:/AndroidStudioProjects/PalmNote/app/src/main/java/com/palmnote/ui/life/LifeScreen.kt:1153:104 Parameter 'onToggle' is never used
w: file:///E:/AndroidStudioProjects/PalmNote/app/src/main/java/com/palmnote/ui/life/LifeScreen.kt:1389:53 'ListAlt: ImageVector' is deprecated. Use the AutoMirrored version at Icons.AutoMirrored.Outlined.ListAlt

> Task :app:compileDebugJavaWithJavac UP-TO-DATE
> Task :app:hiltAggregateDepsDebug UP-TO-DATE
> Task :app:hiltJavaCompileDebug UP-TO-DATE
> Task :app:processDebugJavaRes UP-TO-DATE
> Task :app:mergeDebugJavaResource UP-TO-DATE
> Task :app:transformDebugClassesWithAsm
> Task :app:dexBuilderDebug
> Task :app:mergeDebugGlobalSynthetics UP-TO-DATE
> Task :app:mergeProjectDexDebug

> Task :app:packageDebug
PackagingOptions.jniLibs.useLegacyPackaging should be set to true because android:extractNativeLibs is set to "true" in AndroidManifest.xml.

> Task :app:createDebugApkListingFileRedirect UP-TO-DATE
> Task :app:assembleDebug

BUILD SUCCESSFUL in 19s
40 actionable tasks: 7 executed, 33 up-to-date
